// Jest Snapshot v1, https://goo.gl/fbAQLP

exports[`Nav component matches snapshot 1`] = `
<DocumentFragment>
  <header>
    <nav>
      <ul
        class="flex-row"
        style="align-items: baseline;"
      >
        <li>
          <h2>
            <a
              data-testid="link"
              href="/"
            >
              <span
                aria-label="camera"
                role="img"
              >
                 ðŸ“¸
              </span>
               Oh Snap!
            </a>
          </h2>
        </li>
        <li
          class="mx-2"
        >
          <a
            data-testid="about"
            href="#about"
          >
            About Me
          </a>
        </li>
        <li
          class="mx-2 navActive"
        >
          <span>
            Contact
          </span>
        </li>
        <li
          class="mx-1 false"
        >
          <span>
            Portraits
          </span>
        </li>
      </ul>
    </nav>
  </header>
</DocumentFragment>
`;
